[2025-08-17 21:57:06] [INFO] [ORDER] - Placing MARKET BUY 0.001 BTCUSDT
[2025-08-17 21:57:07] [INFO] [ORDER] - Order placed: orderId=5593190091 status=NEW
[2025-08-17 21:59:11] [INFO] [ORDER] - Placing LIMIT BUY 0.001 BTCUSDT @ 45000.0
[2025-08-17 21:59:11] [ERROR] [LIMIT_ORDER] - Binance API error: APIError(code=-4164): Order's notional must be no smaller than 100 (unless you choose reduce only).
[2025-08-17 21:59:13] [INFO] [ORDER] - Placing TP LIMIT SELL 0.001 BTCUSDT @ 46000.0
[2025-08-17 21:59:13] [ERROR] [TP_ORDER] - Binance API error: APIError(code=-2021): Order would immediately trigger.
[2025-08-17 22:04:50] [INFO] [ORDER] - Placing MARKET SELL 0.001 BTCUSDT
[2025-08-17 22:04:51] [INFO] [ORDER] - Order placed: orderId=5593211850 status=NEW
[2025-08-17 22:04:58] [INFO] [ORDER] - Placing TP LIMIT SELL 0.001 BTCUSDT @ 119000.0
[2025-08-17 22:04:58] [INFO] [ORDER] - Placing SL STOP_MARKET SELL 0.001 BTCUSDT @ 117500.0
[2025-08-17 22:04:58] [INFO] [ORDER] - TP/SL orders placed tpId=5593211995 slId=5593211997
[2025-08-17 22:09:49] [INFO] [ORDER] - Placing MARKET BUY 0.001 BTCUSDT
[2025-08-17 22:09:50] [INFO] [ORDER] - Order placed: orderId=5593219831 status=NEW
[2025-08-17 22:10:10] [INFO] [ORDER] - Placing TP LIMIT SELL 0.001 BTCUSDT @ 119000.0
[2025-08-17 22:10:10] [INFO] [ORDER] - Placing SL STOP_MARKET SELL 0.001 BTCUSDT @ 117500.0
[2025-08-17 22:10:11] [INFO] [ORDER] - TP/SL orders placed tpId=5593220169 slId=5593220185
[2025-08-17 22:20:12] [INFO] [EXECUTION] - OCO monitoring finished
[2025-08-17 22:21:19] [INFO] [ORDER] - Placing MARKET BUY 0.01 BTCUSDT
[2025-08-17 22:21:19] [INFO] [ORDER] - Order placed: orderId=5593241529 status=NEW
[2025-08-17 22:23:37] [INFO] [ORDER] - Placing STOP-LIMIT BUY 0.001 BTCUSDT stop=44000.0 limit=45000.0
[2025-08-17 22:23:38] [ERROR] [STOP_LIMIT_ORDER] - Binance API error: APIError(code=-4164): Order's notional must be no smaller than 100 (unless you choose reduce only).
[2025-08-17 22:23:51] [INFO] [TWAP] - TWAP slice 1/5: BUY 0.2 BTCUSDT
[2025-08-17 22:24:04] [INFO] [TWAP] - TWAP slice 2/5: BUY 0.2 BTCUSDT
[2025-08-17 22:24:16] [INFO] [TWAP] - TWAP slice 3/5: BUY 0.2 BTCUSDT
[2025-08-17 22:24:28] [INFO] [TWAP] - TWAP slice 4/5: BUY 0.2 BTCUSDT
[2025-08-17 22:24:41] [INFO] [TWAP] - TWAP slice 5/5: BUY 0.2 BTCUSDT
[2025-08-17 22:24:41] [INFO] [TWAP] - TWAP execution finished
[2025-08-17 22:24:58] [INFO] [GRID] - Grid BUY 0.01 BTCUSDT @ 44000.0
[2025-08-17 22:24:59] [INFO] [GRID] - Grid BUY 0.01 BTCUSDT @ 46000.0
[2025-08-17 22:25:00] [INFO] [GRID] - Grid placement finished. Orders placed: 2
[2025-08-17 22:26:57] [INFO] [GRID] - Grid BUY 0.01 BTCUSDT @ 44000.0
[2025-08-17 22:26:57] [INFO] [GRID] - Grid BUY 0.01 BTCUSDT @ 46000.0
[2025-08-17 22:26:58] [INFO] [GRID] - Grid placement finished. Orders placed: 2
[2025-08-17 22:28:40] [INFO] [ORDER] - Placing LIMIT BUY 0.001 BTCUSDT @ 117500.0
[2025-08-17 22:28:41] [INFO] [ORDER] - Order placed: orderId=5593255918 status=NEW
[2025-08-17 22:28:41] [INFO] [EXECUTION] - Order status: orderId=5593255918 status=NEW executedQty=0.000
[2025-08-17 22:29:40] [INFO] [ORDER] - Placing LIMIT BUY 0.001 BTCUSDT @ 117500.0
[2025-08-17 22:29:40] [INFO] [ORDER] - Order placed: orderId=5593258232 status=NEW
[2025-08-17 22:29:40] [INFO] [EXECUTION] - Order status: orderId=5593258232 status=NEW executedQty=0.000
[2025-08-17 22:36:11] [INFO] [ORDER] - Placing MARKET BUY 0.001 BTCUSDT
[2025-08-17 22:36:11] [INFO] [ORDER] - Order placed: orderId=5593273046 status=NEW
[2025-08-17 22:36:17] [INFO] [ORDER] - Placing MARKET SELL 0.001 BTCUSDT
[2025-08-17 22:36:17] [INFO] [ORDER] - Order placed: orderId=5593273210 status=NEW
[2025-08-17 22:36:28] [INFO] [ORDER] - Placing LIMIT BUY 0.001 BTCUSDT @ 117500.0
[2025-08-17 22:36:28] [INFO] [ORDER] - Order placed: orderId=5593273636 status=NEW
[2025-08-17 22:36:28] [INFO] [EXECUTION] - Order status: orderId=5593273636 status=NEW executedQty=0.000
[2025-08-17 22:36:43] [INFO] [ORDER] - Placing LIMIT BUY 0.001 BTCUSDT @ 117500.0
[2025-08-17 22:36:44] [INFO] [ORDER] - Order placed: orderId=5593274517 status=NEW
[2025-08-17 22:36:44] [INFO] [EXECUTION] - Order status: orderId=5593274517 status=NEW executedQty=0.000
[2025-08-17 22:36:54] [INFO] [ORDER] - Placing STOP-LIMIT BUY 0.001 BTCUSDT stop=119500.0 limit=119600.0
[2025-08-17 22:36:54] [INFO] [ORDER] - Order placed: orderId=5593275213 status=NEW
[2025-08-17 22:37:03] [INFO] [TWAP] - TWAP slice 1/5: BUY 0.001 BTCUSDT
[2025-08-17 22:37:09] [INFO] [TWAP] - TWAP slice 2/5: BUY 0.001 BTCUSDT
[2025-08-17 22:37:16] [INFO] [TWAP] - TWAP slice 3/5: BUY 0.001 BTCUSDT
[2025-08-17 22:37:22] [INFO] [TWAP] - TWAP slice 4/5: BUY 0.001 BTCUSDT
[2025-08-17 22:37:28] [INFO] [TWAP] - TWAP slice 5/5: BUY 0.001 BTCUSDT
[2025-08-17 22:37:29] [INFO] [TWAP] - TWAP execution finished
[2025-08-17 22:37:37] [INFO] [GRID] - Grid BUY 0.001 BTCUSDT @ 117000.0
[2025-08-17 22:37:38] [INFO] [GRID] - Grid BUY 0.001 BTCUSDT @ 117500.0
[2025-08-17 22:37:38] [INFO] [GRID] - Grid SELL 0.001 BTCUSDT @ 118000.0
[2025-08-17 22:37:39] [INFO] [GRID] - Grid SELL 0.001 BTCUSDT @ 118500.0
[2025-08-17 22:37:39] [INFO] [GRID] - Grid SELL 0.001 BTCUSDT @ 119000.0
[2025-08-17 22:37:40] [INFO] [GRID] - Grid placement finished. Orders placed: 5
[2025-08-17 22:37:53] [INFO] [ORDER] - Placing TP LIMIT SELL 0.001 BTCUSDT @ 120000.0
[2025-08-17 22:37:54] [INFO] [ORDER] - Placing SL STOP_MARKET SELL 0.001 BTCUSDT @ 117000.0
[2025-08-17 22:37:54] [INFO] [ORDER] - TP/SL orders placed tpId=5593278592 slId=5593278635
[2025-08-17 23:00:55] [INFO] [ORDER] - Placing MARKET BUY 0.01 BTCUSDT
[2025-08-17 23:00:55] [INFO] [ORDER] - Order placed: orderId=5593326706 status=NEW
[2025-08-17 23:01:05] [INFO] [ORDER] - Placing LIMIT BUY 0.01 BTCUSDT @ 45000.0
[2025-08-17 23:01:05] [INFO] [ORDER] - Order placed: orderId=5593327082 status=NEW
[2025-08-17 23:01:05] [INFO] [EXECUTION] - Order status: orderId=5593327082 status=NEW executedQty=0.000
[2025-08-17 23:02:34] [INFO] [ORDER] - Placing STOP-LIMIT BUY 0.01 BTCUSDT stop=44000.0 limit=45000.0
[2025-08-17 23:02:34] [ERROR] [STOP_LIMIT_ORDER] - Binance API error: APIError(code=-2021): Order would immediately trigger.
[2025-08-17 23:03:11] [INFO] [ORDER] - Placing TP LIMIT SELL 0.01 BTCUSDT @ 46000.0
[2025-08-17 23:03:11] [ERROR] [TP_ORDER] - Binance API error: APIError(code=-2021): Order would immediately trigger.
[2025-08-17 23:03:37] [INFO] [TWAP] - TWAP slice 1/5: BUY 0.2 BTCUSDT
[2025-08-17 23:03:50] [INFO] [TWAP] - TWAP slice 2/5: BUY 0.2 BTCUSDT
[2025-08-17 23:04:02] [INFO] [TWAP] - TWAP slice 3/5: BUY 0.2 BTCUSDT
[2025-08-17 23:04:15] [INFO] [TWAP] - TWAP slice 4/5: BUY 0.2 BTCUSDT
[2025-08-17 23:04:35] [INFO] [GRID] - Grid BUY 0.01 BTCUSDT @ 44000.0
[2025-08-17 23:04:35] [INFO] [GRID] - Grid BUY 0.01 BTCUSDT @ 46000.0
[2025-08-17 23:04:35] [INFO] [GRID] - Grid placement finished. Orders placed: 2
[2025-08-17 23:08:27] [INFO] [ORDER] - Placing STOP-LIMIT BUY 0.01 BTCUSDT stop=117918.0 limit=117928.0
[2025-08-17 23:08:27] [INFO] [ORDER] - Order placed: orderId=5593345732 status=NEW
[2025-08-17 23:08:36] [INFO] [ORDER] - Placing TP LIMIT SELL 0.01 BTCUSDT @ 117918.0
[2025-08-17 23:08:37] [ERROR] [TP_ORDER] - Binance API error: APIError(code=-2021): Order would immediately trigger.
[2025-08-17 23:08:52] [INFO] [TWAP] - TWAP slice 1/5: BUY 0.01 BTCUSDT
[2025-08-17 23:08:54] [INFO] [TWAP] - TWAP slice 2/5: BUY 0.01 BTCUSDT
[2025-08-17 23:08:57] [INFO] [TWAP] - TWAP slice 3/5: BUY 0.01 BTCUSDT
[2025-08-17 23:08:59] [INFO] [TWAP] - TWAP slice 4/5: BUY 0.01 BTCUSDT
[2025-08-17 23:09:01] [INFO] [TWAP] - TWAP slice 5/5: BUY 0.009999999999999997 BTCUSDT
[2025-08-17 23:09:02] [ERROR] [TWAP_MARKET] - Binance API error: APIError(code=-1111): Precision is over the maximum defined for this asset.
[2025-08-17 23:09:13] [INFO] [GRID] - Grid BUY 0.01 BTCUSDT @ 117668.0
[2025-08-17 23:09:13] [INFO] [GRID] - Grid SELL 0.01 BTCUSDT @ 118068.0
[2025-08-17 23:09:13] [INFO] [GRID] - Grid placement finished. Orders placed: 2
[2025-08-17 23:12:44] [ERROR] [VALIDATION] - Price 117904.9 not compliant with tickSize 0.1.
[2025-08-17 23:13:35] [INFO] [ORDER] - Placing TP LIMIT SELL 0.01 BTCUSDT @ 117894.9
[2025-08-17 23:13:36] [INFO] [ORDER] - Placing SL STOP_MARKET SELL 0.01 BTCUSDT @ 117794.9
[2025-08-17 23:13:36] [INFO] [ORDER] - TP/SL orders placed tpId=5593356210 slId=5593356233
[2025-08-17 23:14:14] [INFO] [TWAP] - TWAP slice 1/5: BUY 0.01 BTCUSDT
[2025-08-17 23:14:16] [INFO] [TWAP] - TWAP slice 2/5: BUY 0.01 BTCUSDT
[2025-08-17 23:14:18] [INFO] [TWAP] - TWAP slice 3/5: BUY 0.01 BTCUSDT
[2025-08-17 23:14:21] [INFO] [TWAP] - TWAP slice 4/5: BUY 0.01 BTCUSDT
[2025-08-17 23:14:23] [INFO] [TWAP] - TWAP slice 5/5: BUY 0.01 BTCUSDT
[2025-08-17 23:14:24] [INFO] [TWAP] - TWAP execution finished
[2025-08-17 23:14:32] [INFO] [GRID] - Grid placement finished. Orders placed: 0
[2025-08-17 23:15:25] [INFO] [ORDER] - Placing STOP-LIMIT BUY 0.01 BTCUSDT stop=117906.0 limit=117916.0
[2025-08-17 23:15:25] [ERROR] [STOP_LIMIT_ORDER] - Binance API error: APIError(code=-2021): Order would immediately trigger.
[2025-08-17 23:18:39] [INFO] [ORDER] - Placing STOP-LIMIT BUY 0.01 BTCUSDT stop=118144.0 limit=118194.0
[2025-08-17 23:18:40] [INFO] [ORDER] - Order placed: orderId=5593364915 status=NEW
[2025-08-17 23:18:56] [INFO] [ORDER] - Placing STOP-LIMIT BUY 0.01 BTCUSDT stop=118144.0 limit=118194.0
[2025-08-17 23:18:56] [INFO] [ORDER] - Order placed: orderId=5593365322 status=NEW
